[    5028ms] [INFO] %cDownload the React DevTools for a better development experience: https://react.dev/link/react-devtools font-weight:bold @ http://localhost:3001/_next/static/chunks/1xcn_next_dist_1xno41f._.js:2477
[    5078ms] [LOG] [HMR] connected @ http://localhost:3001/_next/static/chunks/1xcn_next_dist_1xno41f._.js:2477
[  100129ms] [LOG] [Fast Refresh] rebuilding @ http://localhost:3001/_next/static/chunks/1xcn_next_dist_1xno41f._.js:2477
[  100131ms] [LOG] [Fast Refresh] done in 110ms @ http://localhost:3001/_next/static/chunks/1xcn_next_dist_1xno41f._.js:2477
[  100236ms] [LOG] [Fast Refresh] rebuilding @ http://localhost:3001/_next/static/chunks/1xcn_next_dist_1xno41f._.js:2477
[  100433ms] [LOG] [Fast Refresh] done in 302ms @ http://localhost:3001/_next/static/chunks/1xcn_next_dist_1xno41f._.js:2477
[  100538ms] [LOG] [Fast Refresh] rebuilding @ http://localhost:3001/_next/static/chunks/1xcn_next_dist_1xno41f._.js:2477
[  360590ms] [LOG] [Fast Refresh] done in 260154ms @ http://localhost:3001/_next/static/chunks/1xcn_next_dist_1xno41f._.js:2477
[  360654ms] [LOG] [Fast Refresh] rebuilding @ http://localhost:3001/_next/static/chunks/1xcn_next_dist_1xno41f._.js:2477
[  363671ms] [WARNING] [Fast Refresh] performing full reload

Fast Refresh will perform a full reload when you edit a file that's imported by modules outside of the React rendering tree.
You might have a file which exports a React component but also exports a value that is imported by a non-React component file.
Consider migrating the non-React component export to a separate file and importing it into both files.

It is also possible the parent component of the component you edited is a class component, which disables Fast Refresh.
Fast Refresh requires at least one parent function component in your React tree. @ http://localhost:3001/_next/static/chunks/1xcn_next_dist_1xno41f._.js:2477
[  367366ms] [LOG] [Fast Refresh] done in 3104ms @ http://localhost:3001/_next/static/chunks/1xcn_next_dist_1xno41f._.js:2477
[  367469ms] [LOG] [Fast Refresh] rebuilding @ http://localhost:3001/_next/static/chunks/1xcn_next_dist_1xno41f._.js:2477
[  371071ms] [INFO] %cDownload the React DevTools for a better development experience: https://react.dev/link/react-devtools font-weight:bold @ http://localhost:3001/_next/static/chunks/1xcn_next_dist_1xno41f._.js:2477
[  371172ms] [LOG] [HMR] connected @ http://localhost:3001/_next/static/chunks/1xcn_next_dist_1xno41f._.js:2477
[  382314ms] [WARNING] [Fast Refresh] performing full reload

Fast Refresh will perform a full reload when you edit a file that's imported by modules outside of the React rendering tree.
You might have a file which exports a React component but also exports a value that is imported by a non-React component file.
Consider migrating the non-React component export to a separate file and importing it into both files.

It is also possible the parent component of the component you edited is a class component, which disables Fast Refresh.
Fast Refresh requires at least one parent function component in your React tree. @ http://localhost:3001/_next/static/chunks/1xcn_next_dist_1xno41f._.js:2477
[  392222ms] [INFO] %cDownload the React DevTools for a better development experience: https://react.dev/link/react-devtools font-weight:bold @ http://localhost:3001/_next/static/chunks/1xcn_next_dist_1xno41f._.js:2477
[  392386ms] [LOG] [HMR] connected @ http://localhost:3001/_next/static/chunks/1xcn_next_dist_1xno41f._.js:2477
[  422846ms] [LOG] [Fast Refresh] rebuilding @ http://localhost:3001/_next/static/chunks/1xcn_next_dist_1xno41f._.js:2477
