[     110ms] [LOG] [Fast Refresh] rebuilding @ http://localhost:3001/_next/static/chunks/1xcn_next_dist_1xno41f._.js:2477
[    1130ms] [LOG] [Fast Refresh] done in 1120ms @ http://localhost:3001/_next/static/chunks/1xcn_next_dist_1xno41f._.js:2477
[    1252ms] [INFO] %cDownload the React DevTools for a better development experience: https://react.dev/link/react-devtools font-weight:bold @ http://localhost:3001/_next/static/chunks/1xcn_next_dist_1xno41f._.js:2477
[    1288ms] [LOG] [HMR] connected @ http://localhost:3001/_next/static/chunks/1xcn_next_dist_1xno41f._.js:2477
[  150495ms] [LOG] [Fast Refresh] rebuilding @ http://localhost:3001/_next/static/chunks/1xcn_next_dist_1xno41f._.js:2477
[  150588ms] [LOG] [Fast Refresh] done in 193ms @ http://localhost:3001/_next/static/chunks/1xcn_next_dist_1xno41f._.js:2477
[  150700ms] [LOG] [Fast Refresh] rebuilding @ http://localhost:3001/_next/static/chunks/1xcn_next_dist_1xno41f._.js:2477
[  150998ms] [LOG] [Fast Refresh] done in 402ms @ http://localhost:3001/_next/static/chunks/1xcn_next_dist_1xno41f._.js:2477
[  151107ms] [LOG] [Fast Refresh] rebuilding @ http://localhost:3001/_next/static/chunks/1xcn_next_dist_1xno41f._.js:2477
[  151782ms] [LOG] [Fast Refresh] done in 777ms @ http://localhost:3001/_next/static/chunks/1xcn_next_dist_1xno41f._.js:2477
[  151923ms] [LOG] [Fast Refresh] rebuilding @ http://localhost:3001/_next/static/chunks/1xcn_next_dist_1xno41f._.js:2477
[  152153ms] [LOG] [Fast Refresh] done in 331ms @ http://localhost:3001/_next/static/chunks/1xcn_next_dist_1xno41f._.js:2477
[  152256ms] [LOG] [Fast Refresh] rebuilding @ http://localhost:3001/_next/static/chunks/1xcn_next_dist_1xno41f._.js:2477
[  152505ms] [LOG] [Fast Refresh] done in 352ms @ http://localhost:3001/_next/static/chunks/1xcn_next_dist_1xno41f._.js:2477
[  152628ms] [LOG] [Fast Refresh] rebuilding @ http://localhost:3001/_next/static/chunks/1xcn_next_dist_1xno41f._.js:2477
[  152876ms] [LOG] [Fast Refresh] done in 351ms @ http://localhost:3001/_next/static/chunks/1xcn_next_dist_1xno41f._.js:2477
[  153194ms] [LOG] [Fast Refresh] rebuilding @ http://localhost:3001/_next/static/chunks/1xcn_next_dist_1xno41f._.js:2477
[  153451ms] [LOG] [Fast Refresh] done in 358ms @ http://localhost:3001/_next/static/chunks/1xcn_next_dist_1xno41f._.js:2477
[  153667ms] [LOG] [Fast Refresh] rebuilding @ http://localhost:3001/_next/static/chunks/1xcn_next_dist_1xno41f._.js:2477
[  153692ms] [LOG] [Fast Refresh] done in 127ms @ http://localhost:3001/_next/static/chunks/1xcn_next_dist_1xno41f._.js:2477
[  189004ms] [LOG] [Fast Refresh] rebuilding @ http://localhost:3001/_next/static/chunks/1xcn_next_dist_1xno41f._.js:2477
[  189575ms] [LOG] [Fast Refresh] done in 257ms @ http://localhost:3001/_next/static/chunks/1xcn_next_dist_1xno41f._.js:2477
[  189682ms] [LOG] [Fast Refresh] rebuilding @ http://localhost:3001/_next/static/chunks/1xcn_next_dist_1xno41f._.js:2477
[  189783ms] [LOG] [Fast Refresh] done in 202ms @ http://localhost:3001/_next/static/chunks/1xcn_next_dist_1xno41f._.js:2477
[  189986ms] [LOG] [Fast Refresh] rebuilding @ http://localhost:3001/_next/static/chunks/1xcn_next_dist_1xno41f._.js:2477
[  190339ms] [LOG] [Fast Refresh] done in 453ms @ http://localhost:3001/_next/static/chunks/1xcn_next_dist_1xno41f._.js:2477
[  190834ms] [LOG] [Fast Refresh] rebuilding @ http://localhost:3001/_next/static/chunks/1xcn_next_dist_1xno41f._.js:2477
[  191078ms] [LOG] [Fast Refresh] done in 346ms @ http://localhost:3001/_next/static/chunks/1xcn_next_dist_1xno41f._.js:2477
[  205376ms] [LOG] [Fast Refresh] rebuilding @ http://localhost:3001/_next/static/chunks/1xcn_next_dist_1xno41f._.js:2477
[  205477ms] [ERROR] ./app/blog/[slug]/page.tsx:474:17
Expected '</', got 'jsx text'
  472 |               </aside>
  473 |             </div>
> 474 |           </div>
      |                 ^^^^^^^^^^^^^^^^^^^^^^^^^^^^^^^^^^^^^^^^^^^^^^^^^^^^^^^^^^^^^^^^^^^^^^^^^^^^^^^^^^
> 475 |         </section>
      | ^^^^^^^^
  476 |
  477 |         {/* ============================================================== */}
  478 |         {/* RELATED POSTS                                                   */}

Parsing ecmascript source code failed @ http://localhost:3001/_next/static/chunks/1xcn_next_dist_1xno41f._.js:3318
[  205582ms] [LOG] [Fast Refresh] rebuilding @ http://localhost:3001/_next/static/chunks/1xcn_next_dist_1xno41f._.js:2477
[  207051ms] [ERROR] Failed to load resource: the server responded with a status of 500 (Internal Server Error) @ http://localhost:3001/blog/sewer-line-repair-near-me-fort-worth-tx/?_rsc=NE1A_fCHPscn3QuV:0
[  207258ms] [ERROR] Failed to load resource: the server responded with a status of 500 (Internal Server Error) @ http://localhost:3001/blog/sewer-line-repair-near-me-fort-worth-tx/:0
[  213366ms] [ERROR] Failed to load resource: net::ERR_CONTENT_LENGTH_MISMATCH @ http://localhost:3001/_next/static/chunks/pages__error_0du2_q-._.js:0
[  213391ms] [INFO] %cDownload the React DevTools for a better development experience: https://react.dev/link/react-devtools font-weight:bold @ http://localhost:3001/_next/static/chunks/162a_react-dom_1hsf_h5._.js:15305
[  213459ms] [LOG] [HMR] connected @ http://localhost:3001/_next/static/chunks/1xcn_next_dist_20hp0ha._.js:1226
[  213460ms] [WARNING] [HMR] Invalid message: {"type":"isrManifest","data":{"/blog/sewer-line-repair-near-me-fort-worth-tx/":false,"/water-quality/":false,"/water-quality/?_rsc=fVE6c6sOlFXxbwxk":false,"/blog/sewer-line-repair-near-me-fort-worth-tx/?_rsc=NE1A_fCHPscn3QuV":false,"/blog/":true,"/contact-us/":true,"/":true}}
TypeError: Cannot read properties of undefined (reading 'components')
    at handleStaticIndicator (http://localhost:3001/_next/static/chunks/1xcn_next_dist_client_1binq-1._.js:2800:46)
    at processMessage (http://localhost:3001/_next/static/chunks/1xcn_next_dist_client_1binq-1._.js:2814:17)
    at http://localhost:3001/_next/static/chunks/1xcn_next_dist_client_1binq-1._.js:2688:13
    at WebSocket.handleMessage (http://localhost:3001/_next/static/chunks/1xcn_next_dist_client_1binq-1._.js:2333:17) @ http://localhost:3001/_next/static/chunks/1xcn_next_dist_20hp0ha._.js:1226
[  213468ms] [ERROR] ./app/blog/[slug]/page.tsx:474:17
Expected '</', got 'jsx text'
  472 |               </aside>
  473 |             </div>
> 474 |           </div>
      |                 ^^^^^^^^^^^^^^^^^^^^^^^^^^^^^^^^^^^^^^^^^^^^^^^^^^^^^^^^^^^^^^^^^^^^^^^^^^^^^^^^^^
> 475 |         </section>
      | ^^^^^^^^
  476 |
  477 |         {/* ============================================================== */}
  478 |         {/* RELATED POSTS                                                   */}

Parsing ecmascript source code failed @ http://localhost:3001/_next/static/chunks/1xcn_next_dist_20hp0ha._.js:1945
[  223627ms] [WARNING] [HMR] Invalid message: {"type":"isrManifest","data":{"/blog/sewer-line-repair-near-me-fort-worth-tx/":false,"/water-quality/?_rsc=fVE6c6sOlFXxbwxk":false,"/blog/sewer-line-repair-near-me-fort-worth-tx/?_rsc=NE1A_fCHPscn3QuV":false,"/blog/":true,"/contact-us/":true,"/":true}}
TypeError: Cannot read properties of undefined (reading 'components')
    at handleStaticIndicator (http://localhost:3001/_next/static/chunks/1xcn_next_dist_client_1binq-1._.js:2800:46)
    at processMessage (http://localhost:3001/_next/static/chunks/1xcn_next_dist_client_1binq-1._.js:2814:17)
    at http://localhost:3001/_next/static/chunks/1xcn_next_dist_client_1binq-1._.js:2688:13
    at WebSocket.handleMessage (http://localhost:3001/_next/static/chunks/1xcn_next_dist_client_1binq-1._.js:2333:17) @ http://localhost:3001/_next/static/chunks/1xcn_next_dist_20hp0ha._.js:1226
[  230063ms] [WARNING] [HMR] Invalid message: {"type":"isrManifest","data":{"/water-quality/?_rsc=fVE6c6sOlFXxbwxk":false,"/blog/sewer-line-repair-near-me-fort-worth-tx/?_rsc=NE1A_fCHPscn3QuV":false,"/blog/":true,"/contact-us/":true,"/":true}}
TypeError: Cannot read properties of undefined (reading 'components')
    at handleStaticIndicator (http://localhost:3001/_next/static/chunks/1xcn_next_dist_client_1binq-1._.js:2800:46)
    at processMessage (http://localhost:3001/_next/static/chunks/1xcn_next_dist_client_1binq-1._.js:2814:17)
    at http://localhost:3001/_next/static/chunks/1xcn_next_dist_client_1binq-1._.js:2688:13
    at WebSocket.handleMessage (http://localhost:3001/_next/static/chunks/1xcn_next_dist_client_1binq-1._.js:2333:17) @ http://localhost:3001/_next/static/chunks/1xcn_next_dist_20hp0ha._.js:1226
[  232387ms] [WARNING] [HMR] Invalid message: {"type":"isrManifest","data":{"/water-quality/?_rsc=fVE6c6sOlFXxbwxk":false,"/blog/sewer-line-repair-near-me-fort-worth-tx/?_rsc=NE1A_fCHPscn3QuV":false,"/blog/":true,"/contact-us/":true,"/":true}}
TypeError: Cannot read properties of undefined (reading 'components')
    at handleStaticIndicator (http://localhost:3001/_next/static/chunks/1xcn_next_dist_client_1binq-1._.js:2800:46)
    at processMessage (http://localhost:3001/_next/static/chunks/1xcn_next_dist_client_1binq-1._.js:2814:17)
    at http://localhost:3001/_next/static/chunks/1xcn_next_dist_client_1binq-1._.js:2688:13
    at WebSocket.handleMessage (http://localhost:3001/_next/static/chunks/1xcn_next_dist_client_1binq-1._.js:2333:17) @ http://localhost:3001/_next/static/chunks/1xcn_next_dist_20hp0ha._.js:1226
[  233259ms] [ERROR] Failed to load resource: the server responded with a status of 500 (Internal Server Error) @ http://localhost:3001/blog/sewer-line-repair-near-me-fort-worth-tx/:0
[  233621ms] [INFO] %cDownload the React DevTools for a better development experience: https://react.dev/link/react-devtools font-weight:bold @ http://localhost:3001/_next/static/chunks/1xcn_next_dist_1xno41f._.js:2477
[  233674ms] [LOG] [HMR] connected @ http://localhost:3001/_next/static/chunks/1xcn_next_dist_1xno41f._.js:2477
[  234572ms] [ERROR] %o

%s ReferenceError: AuthorBio is not defined
    at BlogPostPage (about://React/Server/C:%5CUsers%5COwner%5Cagency%5Cclients%5Cswat-plumbing%5C.next%5Cdev%5Cserver%5Cchunks%5Cssr%5C%5Broot-of-the-server%5D__0_5kl2t._.js?235:4207:404)
    at resolveErrorDev (http://localhost:3001/_next/static/chunks/1xcn_next_dist_compiled_react-server-dom-turbopack_0--4k1r._.js:1919:150)
    at processFullStringRow (http://localhost:3001/_next/static/chunks/1xcn_next_dist_compiled_react-server-dom-turbopack_0--4k1r._.js:2434:29)
    at processFullBinaryRow (http://localhost:3001/_next/static/chunks/1xcn_next_dist_compiled_react-server-dom-turbopack_0--4k1r._.js:2393:9)
    at processBinaryChunk (http://localhost:3001/_next/static/chunks/1xcn_next_dist_compiled_react-server-dom-turbopack_0--4k1r._.js:2502:221)
    at progress (http://localhost:3001/_next/static/chunks/1xcn_next_dist_compiled_react-server-dom-turbopack_0--4k1r._.js:2689:13) The above error occurred in the <BlogPostPage> component. It was handled by the <ErrorBoundaryHandler> error boundary. @ http://localhost:3001/_next/static/chunks/1xcn_next_dist_client_1zql_hg._.js:1998
[  234583ms] [ERROR] [app/error] ReferenceError: AuthorBio is not defined
    at BlogPostPage (about://React/Server/C:%5CUsers%5COwner%5Cagency%5Cclients%5Cswat-plumbing%5C.next%5Cdev%5Cserver%5Cchunks%5Cssr%5C%5Broot-of-the-server%5D__0_5kl2t._.js?235:4207:404)
    at resolveErrorDev (http://localhost:3001/_next/static/chunks/1xcn_next_dist_compiled_react-server-dom-turbopack_0--4k1r._.js:1919:150)
    at processFullStringRow (http://localhost:3001/_next/static/chunks/1xcn_next_dist_compiled_react-server-dom-turbopack_0--4k1r._.js:2434:29)
    at processFullBinaryRow (http://localhost:3001/_next/static/chunks/1xcn_next_dist_compiled_react-server-dom-turbopack_0--4k1r._.js:2393:9)
    at processBinaryChunk (http://localhost:3001/_next/static/chunks/1xcn_next_dist_compiled_react-server-dom-turbopack_0--4k1r._.js:2502:221)
    at progress (http://localhost:3001/_next/static/chunks/1xcn_next_dist_compiled_react-server-dom-turbopack_0--4k1r._.js:2689:13) @ http://localhost:3001/_next/static/chunks/1xcn_next_dist_1xno41f._.js:3318
[  267245ms] [LOG] [Fast Refresh] rebuilding @ http://localhost:3001/_next/static/chunks/1xcn_next_dist_1xno41f._.js:2477
[  275174ms] [LOG] [Fast Refresh] done in 8043ms @ http://localhost:3001/_next/static/chunks/1xcn_next_dist_1xno41f._.js:2477
[  275298ms] [LOG] [Fast Refresh] rebuilding @ http://localhost:3001/_next/static/chunks/1xcn_next_dist_1xno41f._.js:2477
[  281916ms] [LOG] [Fast Refresh] done in 6723ms @ http://localhost:3001/_next/static/chunks/1xcn_next_dist_1xno41f._.js:2477
[  282019ms] [LOG] [Fast Refresh] rebuilding @ http://localhost:3001/_next/static/chunks/1xcn_next_dist_1xno41f._.js:2477
[  283031ms] [LOG] [Fast Refresh] done in 1113ms @ http://localhost:3001/_next/static/chunks/1xcn_next_dist_1xno41f._.js:2477
[  283141ms] [LOG] [Fast Refresh] rebuilding @ http://localhost:3001/_next/static/chunks/1xcn_next_dist_1xno41f._.js:2477
